I'm sorry, but errors were detected in your script. Please correct the
errors listed below, and try again.


File "game/script.rpy", line 113: expected ':' not found.
    label namechoice2
                     ^

Ren'Py Version: Ren'Py 7.4.10.2178
Tue Nov  2 23:07:56 2021
